11:02:03 **** Incremental Build of configuration Debug for project Lecture01 ****
make -j4 all 
arm-none-eabi-gcc "../Core/Src/main.c" -mcpu=cortex-m0 -std=gnu11 -g3 -DDEBUG -DSTM32F030x8 -DUSE_FULL_LL_DRIVER -DHSE_VALUE=8000000 -DHSE_STARTUP_TIMEOUT=100 -DLSE_STARTUP_TIMEOUT=5000 -DLSE_VALUE=32768 -DHSI_VALUE=8000000 -DLSI_VALUE=40000 -DVDD_VALUE=3300 -DPREFETCH_ENABLE=1 -DINSTRUCTION_CACHE_ENABLE=0 -DDATA_CACHE_ENABLE=0 -c -I../Core/Inc -I../Drivers/STM32F0xx_HAL_Driver/Inc -I../Drivers/CMSIS/Device/ST/STM32F0xx/Include -I../Drivers/CMSIS/Include -O0 -ffunction-sections -fdata-sections -Wall -fstack-usage -fcyclomatic-complexity -MMD -MP -MF"Core/Src/main.d" -MT"Core/Src/main.o" --specs=nano.specs -mfloat-abi=soft -mthumb -o "Core/Src/main.o"
arm-none-eabi-gcc -o "Lecture01.elf" @"objects.list"   -mcpu=cortex-m0 -T"C:\Temp\240642\MKS\Lecture01\STM32F030R8TX_FLASH.ld" --specs=nosys.specs -Wl,-Map="Lecture01.map" -Wl,--gc-sections -static --specs=nano.specs -mfloat-abi=soft -mthumb -Wl,--start-group -lc -lm -Wl,--end-group
Finished building target: Lecture01.elf
 
arm-none-eabi-size  Lecture01.elf 
arm-none-eabi-objdump -h -S Lecture01.elf  > "Lecture01.list"
   text	   data	    bss	    dec	    hex	filename
   4948	      4	   1564	   6516	   1974	Lecture01.elf
Finished building: default.size.stdout
 
Finished building: Lecture01.list
 

11:02:04 Build Finished. 0 errors, 0 warnings. (took 830ms)

